/Users/guest11/cvt/.venv/lib/python3.12/site-packages/sklearn/base.py:525: InconsistentVersionWarning: Trying to unpickle estimator LabelEncoder from version 1.9.0 when using version 1.9.1. This might lead to breaking code or invalid results. Use at your own risk. For more info please refer to:
https://scikit-learn.org/stable/model_persistence.html#security-maintainability-limitations
  warnings.warn(
40 streams in taps/char (1.0, 3.6), grid 5x3x3
/Users/guest11/cvt/.venv/lib/python3.12/site-packages/sklearn/base.py:525: InconsistentVersionWarning: Trying to unpickle estimator LabelEncoder from version 1.9.0 when using version 1.9.1. This might lead to breaking code or invalid results. Use at your own risk. For more info please refer to:
https://scikit-learn.org/stable/model_persistence.html#security-maintainability-limitations
  warnings.warn(
/Users/guest11/cvt/.venv/lib/python3.12/site-packages/sklearn/base.py:525: InconsistentVersionWarning: Trying to unpickle estimator LabelEncoder from version 1.9.0 when using version 1.9.1. This might lead to breaking code or invalid results. Use at your own risk. For more info please refer to:
https://scikit-learn.org/stable/model_persistence.html#security-maintainability-limitations
  warnings.warn(
/Users/guest11/cvt/.venv/lib/python3.12/site-packages/sklearn/base.py:525: InconsistentVersionWarning: Trying to unpickle estimator LabelEncoder from version 1.9.0 when using version 1.9.1. This might lead to breaking code or invalid results. Use at your own risk. For more info please refer to:
https://scikit-learn.org/stable/model_persistence.html#security-maintainability-limitations
  warnings.warn(
/Users/guest11/cvt/.venv/lib/python3.12/site-packages/sklearn/base.py:525: InconsistentVersionWarning: Trying to unpickle estimator _BinMapper from version 1.9.0 when using version 1.9.1. This might lead to breaking code or invalid results. Use at your own risk. For more info please refer to:
https://scikit-learn.org/stable/model_persistence.html#security-maintainability-limitations
  warnings.warn(
/Users/guest11/cvt/.venv/lib/python3.12/site-packages/sklearn/base.py:525: InconsistentVersionWarning: Trying to unpickle estimator _BinMapper from version 1.9.0 when using version 1.9.1. This might lead to breaking code or invalid results. Use at your own risk. For more info please refer to:
https://scikit-learn.org/stable/model_persistence.html#security-maintainability-limitations
  warnings.warn(
/Users/guest11/cvt/.venv/lib/python3.12/site-packages/sklearn/base.py:525: InconsistentVersionWarning: Trying to unpickle estimator _BinMapper from version 1.9.0 when using version 1.9.1. This might lead to breaking code or invalid results. Use at your own risk. For more info please refer to:
https://scikit-learn.org/stable/model_persistence.html#security-maintainability-limitations
  warnings.warn(
/Users/guest11/cvt/.venv/lib/python3.12/site-packages/sklearn/base.py:525: InconsistentVersionWarning: Trying to unpickle estimator LabelEncoder from version 1.9.0 when using version 1.9.1. This might lead to breaking code or invalid results. Use at your own risk. For more info please refer to:
https://scikit-learn.org/stable/model_persistence.html#security-maintainability-limitations
  warnings.warn(
/Users/guest11/cvt/.venv/lib/python3.12/site-packages/sklearn/base.py:525: InconsistentVersionWarning: Trying to unpickle estimator _BinMapper from version 1.9.0 when using version 1.9.1. This might lead to breaking code or invalid results. Use at your own risk. For more info please refer to:
https://scikit-learn.org/stable/model_persistence.html#security-maintainability-limitations
  warnings.warn(
/Users/guest11/cvt/.venv/lib/python3.12/site-packages/sklearn/base.py:525: InconsistentVersionWarning: Trying to unpickle estimator HistGradientBoostingClassifier from version 1.9.0 when using version 1.9.1. This might lead to breaking code or invalid results. Use at your own risk. For more info please refer to:
https://scikit-learn.org/stable/model_persistence.html#security-maintainability-limitations
  warnings.warn(
/Users/guest11/cvt/.venv/lib/python3.12/site-packages/sklearn/base.py:525: InconsistentVersionWarning: Trying to unpickle estimator HistGradientBoostingClassifier from version 1.9.0 when using version 1.9.1. This might lead to breaking code or invalid results. Use at your own risk. For more info please refer to:
https://scikit-learn.org/stable/model_persistence.html#security-maintainability-limitations
  warnings.warn(
/Users/guest11/cvt/.venv/lib/python3.12/site-packages/sklearn/base.py:525: InconsistentVersionWarning: Trying to unpickle estimator HistGradientBoostingClassifier from version 1.9.0 when using version 1.9.1. This might lead to breaking code or invalid results. Use at your own risk. For more info please refer to:
https://scikit-learn.org/stable/model_persistence.html#security-maintainability-limitations
  warnings.warn(
/Users/guest11/cvt/.venv/lib/python3.12/site-packages/sklearn/base.py:525: InconsistentVersionWarning: Trying to unpickle estimator HistGradientBoostingClassifier from version 1.9.0 when using version 1.9.1. This might lead to breaking code or invalid results. Use at your own risk. For more info please refer to:
https://scikit-learn.org/stable/model_persistence.html#security-maintainability-limitations
  warnings.warn(
/Users/guest11/cvt/phase0/analysis/tap_pos.py:145: RuntimeWarning: Mean of empty slice
  cols.append(np.nanmean(B[:, :, CH_CONF], axis=1)[:, None])
/Users/guest11/cvt/phase0/analysis/tap_pos.py:145: RuntimeWarning: Mean of empty slice
  cols.append(np.nanmean(B[:, :, CH_CONF], axis=1)[:, None])
/Users/guest11/cvt/phase0/analysis/tap_pos.py:145: RuntimeWarning: Mean of empty slice
  cols.append(np.nanmean(B[:, :, CH_CONF], axis=1)[:, None])
/Users/guest11/cvt/phase0/analysis/tap_pos.py:145: RuntimeWarning: Mean of empty slice
  cols.append(np.nanmean(B[:, :, CH_CONF], axis=1)[:, None])
  5/40 streams (151s)
  10/40 streams (231s)
  15/40 streams (330s)
  20/40 streams (505s)
  25/40 streams (655s)
  30/40 streams (789s)
  35/40 streams (898s)
  40/40 streams (970s)

[971.8s]
-> .cache/keypre/table_base+rec_finetune.json
