/Users/guest11/cvt/.venv/lib/python3.12/site-packages/sklearn/base.py:525: InconsistentVersionWarning: Trying to unpickle estimator LabelEncoder from version 1.9.0 when using version 1.9.1. This might lead to breaking code or invalid results. Use at your own risk. For more info please refer to:
https://scikit-learn.org/stable/model_persistence.html#security-maintainability-limitations
  warnings.warn(
pinned inputs:
  data/sessions/20260910-202149-desk/landmarks.parquet md5 2fff8f549fc7
  models/taps_gb.joblib md5 e9eb793a870a
  models/tap_pos.pkl md5 1664fb72e5d1
  models/charlm.npz md5 322885ae2304
  .cache/hirecall/streams_base+rec.json md5 c97116d42032
  .cache/hirecall/20260910-202149-desk_ftips.npy md5 (not on this host; hash on the MacBook)
  .cache/hirecall/pix_20260910-202149-desk_none_3x40.npy md5 2a2e8e93a717
  .cache/keypre/pub_index.npz md5 (not on this host; hash on the MacBook)
  .cache/keypre/pub_tips.npy md5 (not on this host; hash on the MacBook)
  .cache/keypre/deskpix_finetune_3x40.npy md5 7bf3fb4658b5
  .cache/keypre/table_base+rec_finetune.json md5 07c872c8d896
  20260910-015217-kbd/taps_contact.jsonl md5 b4451069611f
  20260910-021315-kbd/taps_contact.jsonl md5 00acafcac9ea
  20260910-131629-kbd/taps_contact.jsonl md5 ac6098d20ae9
  .cache/keypre/pix_pre_s0.pt md5 (not on this host; hash on the MacBook)
  .cache/keypre/pix_pre_s1.pt md5 (not on this host; hash on the MacBook)
  .cache/keypre/pix_pre_s2.pt md5 (not on this host; hash on the MacBook)
/Users/guest11/cvt/.venv/lib/python3.12/site-packages/sklearn/base.py:525: InconsistentVersionWarning: Trying to unpickle estimator LabelEncoder from version 1.9.0 when using version 1.9.1. This might lead to breaking code or invalid results. Use at your own risk. For more info please refer to:
https://scikit-learn.org/stable/model_persistence.html#security-maintainability-limitations
  warnings.warn(
/Users/guest11/cvt/.venv/lib/python3.12/site-packages/sklearn/base.py:525: InconsistentVersionWarning: Trying to unpickle estimator _BinMapper from version 1.9.0 when using version 1.9.1. This might lead to breaking code or invalid results. Use at your own risk. For more info please refer to:
https://scikit-learn.org/stable/model_persistence.html#security-maintainability-limitations
  warnings.warn(
/Users/guest11/cvt/.venv/lib/python3.12/site-packages/sklearn/base.py:525: InconsistentVersionWarning: Trying to unpickle estimator LabelEncoder from version 1.9.0 when using version 1.9.1. This might lead to breaking code or invalid results. Use at your own risk. For more info please refer to:
https://scikit-learn.org/stable/model_persistence.html#security-maintainability-limitations
  warnings.warn(
/Users/guest11/cvt/.venv/lib/python3.12/site-packages/sklearn/base.py:525: InconsistentVersionWarning: Trying to unpickle estimator _BinMapper from version 1.9.0 when using version 1.9.1. This might lead to breaking code or invalid results. Use at your own risk. For more info please refer to:
https://scikit-learn.org/stable/model_persistence.html#security-maintainability-limitations
  warnings.warn(
/Users/guest11/cvt/.venv/lib/python3.12/site-packages/sklearn/base.py:525: InconsistentVersionWarning: Trying to unpickle estimator HistGradientBoostingClassifier from version 1.9.0 when using version 1.9.1. This might lead to breaking code or invalid results. Use at your own risk. For more info please refer to:
https://scikit-learn.org/stable/model_persistence.html#security-maintainability-limitations
  warnings.warn(
/Users/guest11/cvt/.venv/lib/python3.12/site-packages/sklearn/base.py:525: InconsistentVersionWarning: Trying to unpickle estimator LabelEncoder from version 1.9.0 when using version 1.9.1. This might lead to breaking code or invalid results. Use at your own risk. For more info please refer to:
https://scikit-learn.org/stable/model_persistence.html#security-maintainability-limitations
  warnings.warn(
/Users/guest11/cvt/.venv/lib/python3.12/site-packages/sklearn/base.py:525: InconsistentVersionWarning: Trying to unpickle estimator LabelEncoder from version 1.9.0 when using version 1.9.1. This might lead to breaking code or invalid results. Use at your own risk. For more info please refer to:
https://scikit-learn.org/stable/model_persistence.html#security-maintainability-limitations
  warnings.warn(
/Users/guest11/cvt/.venv/lib/python3.12/site-packages/sklearn/base.py:525: InconsistentVersionWarning: Trying to unpickle estimator _BinMapper from version 1.9.0 when using version 1.9.1. This might lead to breaking code or invalid results. Use at your own risk. For more info please refer to:
https://scikit-learn.org/stable/model_persistence.html#security-maintainability-limitations
  warnings.warn(
/Users/guest11/cvt/.venv/lib/python3.12/site-packages/sklearn/base.py:525: InconsistentVersionWarning: Trying to unpickle estimator _BinMapper from version 1.9.0 when using version 1.9.1. This might lead to breaking code or invalid results. Use at your own risk. For more info please refer to:
https://scikit-learn.org/stable/model_persistence.html#security-maintainability-limitations
  warnings.warn(
/Users/guest11/cvt/.venv/lib/python3.12/site-packages/sklearn/base.py:525: InconsistentVersionWarning: Trying to unpickle estimator HistGradientBoostingClassifier from version 1.9.0 when using version 1.9.1. This might lead to breaking code or invalid results. Use at your own risk. For more info please refer to:
https://scikit-learn.org/stable/model_persistence.html#security-maintainability-limitations
  warnings.warn(
/Users/guest11/cvt/.venv/lib/python3.12/site-packages/sklearn/base.py:525: InconsistentVersionWarning: Trying to unpickle estimator HistGradientBoostingClassifier from version 1.9.0 when using version 1.9.1. This might lead to breaking code or invalid results. Use at your own risk. For more info please refer to:
https://scikit-learn.org/stable/model_persistence.html#security-maintainability-limitations
  warnings.warn(
/Users/guest11/cvt/.venv/lib/python3.12/site-packages/sklearn/base.py:525: InconsistentVersionWarning: Trying to unpickle estimator HistGradientBoostingClassifier from version 1.9.0 when using version 1.9.1. This might lead to breaking code or invalid results. Use at your own risk. For more info please refer to:
https://scikit-learn.org/stable/model_persistence.html#security-maintainability-limitations
  warnings.warn(
/Users/guest11/cvt/phase0/analysis/tap_pos.py:145: RuntimeWarning: Mean of empty slice
  cols.append(np.nanmean(B[:, :, CH_CONF], axis=1)[:, None])
/Users/guest11/cvt/phase0/analysis/tap_pos.py:145: RuntimeWarning: Mean of empty slice
  cols.append(np.nanmean(B[:, :, CH_CONF], axis=1)[:, None])
/Users/guest11/cvt/phase0/analysis/tap_pos.py:145: RuntimeWarning: Mean of empty slice
  cols.append(np.nanmean(B[:, :, CH_CONF], axis=1)[:, None])
/Users/guest11/cvt/phase0/analysis/tap_pos.py:145: RuntimeWarning: Mean of empty slice
  cols.append(np.nanmean(B[:, :, CH_CONF], axis=1)[:, None])
scratch pixels (hirecall's), same grid       CER=0.416 [0.357, 0.472]  WER=0.715
                                               picked: alpha 0.50, obs 3.0, del -9, taps/char 1.70 (15s)
/Users/guest11/cvt/.venv/lib/python3.12/site-packages/sklearn/base.py:525: InconsistentVersionWarning: Trying to unpickle estimator LabelEncoder from version 1.9.0 when using version 1.9.1. This might lead to breaking code or invalid results. Use at your own risk. For more info please refer to:
https://scikit-learn.org/stable/model_persistence.html#security-maintainability-limitations
  warnings.warn(
/Users/guest11/cvt/.venv/lib/python3.12/site-packages/sklearn/base.py:525: InconsistentVersionWarning: Trying to unpickle estimator LabelEncoder from version 1.9.0 when using version 1.9.1. This might lead to breaking code or invalid results. Use at your own risk. For more info please refer to:
https://scikit-learn.org/stable/model_persistence.html#security-maintainability-limitations
  warnings.warn(
/Users/guest11/cvt/.venv/lib/python3.12/site-packages/sklearn/base.py:525: InconsistentVersionWarning: Trying to unpickle estimator _BinMapper from version 1.9.0 when using version 1.9.1. This might lead to breaking code or invalid results. Use at your own risk. For more info please refer to:
https://scikit-learn.org/stable/model_persistence.html#security-maintainability-limitations
  warnings.warn(
/Users/guest11/cvt/.venv/lib/python3.12/site-packages/sklearn/base.py:525: InconsistentVersionWarning: Trying to unpickle estimator _BinMapper from version 1.9.0 when using version 1.9.1. This might lead to breaking code or invalid results. Use at your own risk. For more info please refer to:
https://scikit-learn.org/stable/model_persistence.html#security-maintainability-limitations
  warnings.warn(
/Users/guest11/cvt/.venv/lib/python3.12/site-packages/sklearn/base.py:525: InconsistentVersionWarning: Trying to unpickle estimator LabelEncoder from version 1.9.0 when using version 1.9.1. This might lead to breaking code or invalid results. Use at your own risk. For more info please refer to:
https://scikit-learn.org/stable/model_persistence.html#security-maintainability-limitations
  warnings.warn(
/Users/guest11/cvt/.venv/lib/python3.12/site-packages/sklearn/base.py:525: InconsistentVersionWarning: Trying to unpickle estimator LabelEncoder from version 1.9.0 when using version 1.9.1. This might lead to breaking code or invalid results. Use at your own risk. For more info please refer to:
https://scikit-learn.org/stable/model_persistence.html#security-maintainability-limitations
  warnings.warn(
/Users/guest11/cvt/.venv/lib/python3.12/site-packages/sklearn/base.py:525: InconsistentVersionWarning: Trying to unpickle estimator _BinMapper from version 1.9.0 when using version 1.9.1. This might lead to breaking code or invalid results. Use at your own risk. For more info please refer to:
https://scikit-learn.org/stable/model_persistence.html#security-maintainability-limitations
  warnings.warn(
/Users/guest11/cvt/.venv/lib/python3.12/site-packages/sklearn/base.py:525: InconsistentVersionWarning: Trying to unpickle estimator _BinMapper from version 1.9.0 when using version 1.9.1. This might lead to breaking code or invalid results. Use at your own risk. For more info please refer to:
https://scikit-learn.org/stable/model_persistence.html#security-maintainability-limitations
  warnings.warn(
/Users/guest11/cvt/.venv/lib/python3.12/site-packages/sklearn/base.py:525: InconsistentVersionWarning: Trying to unpickle estimator HistGradientBoostingClassifier from version 1.9.0 when using version 1.9.1. This might lead to breaking code or invalid results. Use at your own risk. For more info please refer to:
https://scikit-learn.org/stable/model_persistence.html#security-maintainability-limitations
  warnings.warn(
/Users/guest11/cvt/.venv/lib/python3.12/site-packages/sklearn/base.py:525: InconsistentVersionWarning: Trying to unpickle estimator HistGradientBoostingClassifier from version 1.9.0 when using version 1.9.1. This might lead to breaking code or invalid results. Use at your own risk. For more info please refer to:
https://scikit-learn.org/stable/model_persistence.html#security-maintainability-limitations
  warnings.warn(
/Users/guest11/cvt/.venv/lib/python3.12/site-packages/sklearn/base.py:525: InconsistentVersionWarning: Trying to unpickle estimator HistGradientBoostingClassifier from version 1.9.0 when using version 1.9.1. This might lead to breaking code or invalid results. Use at your own risk. For more info please refer to:
https://scikit-learn.org/stable/model_persistence.html#security-maintainability-limitations
  warnings.warn(
/Users/guest11/cvt/.venv/lib/python3.12/site-packages/sklearn/base.py:525: InconsistentVersionWarning: Trying to unpickle estimator HistGradientBoostingClassifier from version 1.9.0 when using version 1.9.1. This might lead to breaking code or invalid results. Use at your own risk. For more info please refer to:
https://scikit-learn.org/stable/model_persistence.html#security-maintainability-limitations
  warnings.warn(
/Users/guest11/cvt/phase0/analysis/tap_pos.py:145: RuntimeWarning: Mean of empty slice
  cols.append(np.nanmean(B[:, :, CH_CONF], axis=1)[:, None])
/Users/guest11/cvt/phase0/analysis/tap_pos.py:145: RuntimeWarning: Mean of empty slice
  cols.append(np.nanmean(B[:, :, CH_CONF], axis=1)[:, None])
/Users/guest11/cvt/phase0/analysis/tap_pos.py:145: RuntimeWarning: Mean of empty slice
  cols.append(np.nanmean(B[:, :, CH_CONF], axis=1)[:, None])
/Users/guest11/cvt/phase0/analysis/tap_pos.py:145: RuntimeWarning: Mean of empty slice
  cols.append(np.nanmean(B[:, :, CH_CONF], axis=1)[:, None])
finetune pixels (public-pretrained)          CER=0.442 [0.378, 0.504]  WER=0.774
                                               picked: alpha 0.50, obs 3.0, del -9, taps/char 1.70 (15s)

[31.6s]

paired delta, pretrained - scratch (same streams, grid, protocol): +0.027 [-0.005, +0.061]
paired delta vs the official hirecall run (0.448): -0.006 [-0.061, +0.048]

-- decoded phrases, pretrained stack --
  CER=0.474 WER=1.167
    typed:    'the meeting moved to tuesday afternoon'
    produced: 'the one the nice to the say been on'
  CER=0.500 WER=0.857
    typed:    'i will send the report later today'
    produced: 'look all see the repellatter took ye'
  CER=0.242 WER=0.500
    typed:    'can you let me know if this works'
    produced: 'lay you let me one of this worse'
  CER=0.629 WER=1.000
    typed:    'we should talk about this in person'
    produced: 'people all horror those one erroneo'
  CER=0.559 WER=0.857
    typed:    'the weather has been nice all week'
    produced: 'the other and he fell'
  CER=0.655 WER=1.167
    typed:    'thanks for getting back to me'
    produced: 'than were the trotting all too poor'
