  pix pretrain seed0: 22077 crops x 12 ep, public-val top1 0.615 (204s)
  pix pretrain seed1: 22077 crops x 12 ep, public-val top1 0.631 (149s)
  pix pretrain seed2: 22077 crops x 12 ep, public-val top1 0.624 (254s)
  pix scratch   frac=0.25 seed=0 (26s)
  pix scratch   frac=0.25 seed=0 (0s)
pix exit=139 attempt=1
  pix scratch   frac=0.25 seed=0 (0s)
pix exit=139 attempt=2
  pix scratch   frac=0.25 seed=0 (0s)
pix exit=139 attempt=3
  pix scratch   frac=0.25 seed=0 (0s)
pix exit=139 attempt=4
--- relaunch after load_weights fix
  pix scratch   frac=0.25 seed=0 (0s)
  pix finetune  frac=0.25 seed=0 (27s)
  pix scratch   frac=0.25 seed=1 (25s)
  pix finetune  frac=0.25 seed=1 (26s)
  pix scratch   frac=0.25 seed=2 (25s)
  pix finetune  frac=0.25 seed=2 (25s)
  pix scratch   frac=0.5 seed=0 (53s)
  pix finetune  frac=0.5 seed=0 (52s)
  pix scratch   frac=0.5 seed=1 (52s)
  pix finetune  frac=0.5 seed=1 (51s)
  pix scratch   frac=0.5 seed=2 (51s)
  pix finetune  frac=0.5 seed=2 (51s)
  pix scratch   frac=1.0 seed=0 (102s)
  pix zeroshot  frac=1.0 seed=0 (1s)
  pix finetune  frac=1.0 seed=0 (105s)
  pix scratch   frac=1.0 seed=1 (114s)
  pix zeroshot  frac=1.0 seed=1 (1s)
  pix finetune  frac=1.0 seed=1 (103s)
  pix scratch   frac=1.0 seed=2 (102s)
  pix zeroshot  frac=1.0 seed=2 (1s)
  pix finetune  frac=1.0 seed=2 (107s)

[1074.8s]
pix exit=0 attempt=1
