  pose pretrain seed0: 100 rounds, public-val top1 0.402 (273s)
  pose pretrain seed1: 104 rounds, public-val top1 0.397 (366s)
  pose pretrain seed2: 99 rounds, public-val top1 0.401 (237s)
/Users/pashaalidadi/Documents/misc/computer-vision-test/phase0/analysis/tap_pos.py:145: RuntimeWarning: Mean of empty slice
  cols.append(np.nanmean(B[:, :, CH_CONF], axis=1)[:, None])
  pose scratch_abs   frac=0.25 seed=0 (47s)
/Users/pashaalidadi/Documents/misc/computer-vision-test/phase0/analysis/tap_pos.py:145: RuntimeWarning: Mean of empty slice
  cols.append(np.nanmean(B[:, :, CH_CONF], axis=1)[:, None])
/Users/pashaalidadi/Documents/misc/computer-vision-test/phase0/analysis/tap_pos.py:145: RuntimeWarning: Mean of empty slice
  cols.append(np.nanmean(B[:, :, CH_CONF], axis=1)[:, None])
/Users/pashaalidadi/Documents/misc/computer-vision-test/phase0/analysis/tap_pos.py:145: RuntimeWarning: Mean of empty slice
  cols.append(np.nanmean(B[:, :, CH_CONF], axis=1)[:, None])
  pose scratch_rel   frac=0.25 seed=0 (47s)
/Users/pashaalidadi/Documents/misc/computer-vision-test/phase0/analysis/tap_pos.py:145: RuntimeWarning: Mean of empty slice
  cols.append(np.nanmean(B[:, :, CH_CONF], axis=1)[:, None])
/Users/pashaalidadi/Documents/misc/computer-vision-test/phase0/analysis/tap_pos.py:145: RuntimeWarning: Mean of empty slice
  cols.append(np.nanmean(B[:, :, CH_CONF], axis=1)[:, None])
/Users/pashaalidadi/Documents/misc/computer-vision-test/phase0/analysis/tap_pos.py:145: RuntimeWarning: Mean of empty slice
  cols.append(np.nanmean(B[:, :, CH_CONF], axis=1)[:, None])
  pose finetune_rel  frac=0.25 seed=0 (40s)
/Users/pashaalidadi/Documents/misc/computer-vision-test/phase0/analysis/tap_pos.py:145: RuntimeWarning: Mean of empty slice
  cols.append(np.nanmean(B[:, :, CH_CONF], axis=1)[:, None])
/Users/pashaalidadi/Documents/misc/computer-vision-test/phase0/analysis/tap_pos.py:145: RuntimeWarning: Mean of empty slice
  cols.append(np.nanmean(B[:, :, CH_CONF], axis=1)[:, None])
/Users/pashaalidadi/Documents/misc/computer-vision-test/phase0/analysis/tap_pos.py:145: RuntimeWarning: Mean of empty slice
  cols.append(np.nanmean(B[:, :, CH_CONF], axis=1)[:, None])
  pose stack_rel     frac=0.25 seed=0 (43s)
/Users/pashaalidadi/Documents/misc/computer-vision-test/phase0/analysis/tap_pos.py:145: RuntimeWarning: Mean of empty slice
  cols.append(np.nanmean(B[:, :, CH_CONF], axis=1)[:, None])
  pose scratch_abs   frac=0.25 seed=1 (41s)
/Users/pashaalidadi/Documents/misc/computer-vision-test/phase0/analysis/tap_pos.py:145: RuntimeWarning: Mean of empty slice
  cols.append(np.nanmean(B[:, :, CH_CONF], axis=1)[:, None])
/Users/pashaalidadi/Documents/misc/computer-vision-test/phase0/analysis/tap_pos.py:145: RuntimeWarning: Mean of empty slice
  cols.append(np.nanmean(B[:, :, CH_CONF], axis=1)[:, None])
/Users/pashaalidadi/Documents/misc/computer-vision-test/phase0/analysis/tap_pos.py:145: RuntimeWarning: Mean of empty slice
  cols.append(np.nanmean(B[:, :, CH_CONF], axis=1)[:, None])
/Users/pashaalidadi/Documents/misc/computer-vision-test/phase0/analysis/tap_pos.py:145: RuntimeWarning: Mean of empty slice
  cols.append(np.nanmean(B[:, :, CH_CONF], axis=1)[:, None])
/Users/pashaalidadi/Documents/misc/computer-vision-test/phase0/analysis/tap_pos.py:145: RuntimeWarning: Mean of empty slice
  cols.append(np.nanmean(B[:, :, CH_CONF], axis=1)[:, None])
/Users/pashaalidadi/Documents/misc/computer-vision-test/phase0/analysis/tap_pos.py:145: RuntimeWarning: Mean of empty slice
  cols.append(np.nanmean(B[:, :, CH_CONF], axis=1)[:, None])
  pose scratch_rel   frac=0.25 seed=1 (40s)
/Users/pashaalidadi/Documents/misc/computer-vision-test/phase0/analysis/tap_pos.py:145: RuntimeWarning: Mean of empty slice
  cols.append(np.nanmean(B[:, :, CH_CONF], axis=1)[:, None])
/Users/pashaalidadi/Documents/misc/computer-vision-test/phase0/analysis/tap_pos.py:145: RuntimeWarning: Mean of empty slice
  cols.append(np.nanmean(B[:, :, CH_CONF], axis=1)[:, None])
/Users/pashaalidadi/Documents/misc/computer-vision-test/phase0/analysis/tap_pos.py:145: RuntimeWarning: Mean of empty slice
  cols.append(np.nanmean(B[:, :, CH_CONF], axis=1)[:, None])
/Users/pashaalidadi/Documents/misc/computer-vision-test/phase0/analysis/tap_pos.py:145: RuntimeWarning: Mean of empty slice
  cols.append(np.nanmean(B[:, :, CH_CONF], axis=1)[:, None])
/Users/pashaalidadi/Documents/misc/computer-vision-test/phase0/analysis/tap_pos.py:145: RuntimeWarning: Mean of empty slice
  cols.append(np.nanmean(B[:, :, CH_CONF], axis=1)[:, None])
/Users/pashaalidadi/Documents/misc/computer-vision-test/phase0/analysis/tap_pos.py:145: RuntimeWarning: Mean of empty slice
  cols.append(np.nanmean(B[:, :, CH_CONF], axis=1)[:, None])
  pose finetune_rel  frac=0.25 seed=1 (46s)
/Users/pashaalidadi/Documents/misc/computer-vision-test/phase0/analysis/tap_pos.py:145: RuntimeWarning: Mean of empty slice
  cols.append(np.nanmean(B[:, :, CH_CONF], axis=1)[:, None])
/Users/pashaalidadi/Documents/misc/computer-vision-test/phase0/analysis/tap_pos.py:145: RuntimeWarning: Mean of empty slice
  cols.append(np.nanmean(B[:, :, CH_CONF], axis=1)[:, None])
/Users/pashaalidadi/Documents/misc/computer-vision-test/phase0/analysis/tap_pos.py:145: RuntimeWarning: Mean of empty slice
  cols.append(np.nanmean(B[:, :, CH_CONF], axis=1)[:, None])
/Users/pashaalidadi/Documents/misc/computer-vision-test/phase0/analysis/tap_pos.py:145: RuntimeWarning: Mean of empty slice
  cols.append(np.nanmean(B[:, :, CH_CONF], axis=1)[:, None])
/Users/pashaalidadi/Documents/misc/computer-vision-test/phase0/analysis/tap_pos.py:145: RuntimeWarning: Mean of empty slice
  cols.append(np.nanmean(B[:, :, CH_CONF], axis=1)[:, None])
/Users/pashaalidadi/Documents/misc/computer-vision-test/phase0/analysis/tap_pos.py:145: RuntimeWarning: Mean of empty slice
  cols.append(np.nanmean(B[:, :, CH_CONF], axis=1)[:, None])
  pose stack_rel     frac=0.25 seed=1 (43s)
  pose scratch_abs   frac=0.25 seed=2 (41s)
/Users/pashaalidadi/Documents/misc/computer-vision-test/phase0/analysis/tap_pos.py:145: RuntimeWarning: Mean of empty slice
  cols.append(np.nanmean(B[:, :, CH_CONF], axis=1)[:, None])
/Users/pashaalidadi/Documents/misc/computer-vision-test/phase0/analysis/tap_pos.py:145: RuntimeWarning: Mean of empty slice
  cols.append(np.nanmean(B[:, :, CH_CONF], axis=1)[:, None])
/Users/pashaalidadi/Documents/misc/computer-vision-test/phase0/analysis/tap_pos.py:145: RuntimeWarning: Mean of empty slice
  cols.append(np.nanmean(B[:, :, CH_CONF], axis=1)[:, None])
/Users/pashaalidadi/Documents/misc/computer-vision-test/phase0/analysis/tap_pos.py:145: RuntimeWarning: Mean of empty slice
  cols.append(np.nanmean(B[:, :, CH_CONF], axis=1)[:, None])
/Users/pashaalidadi/Documents/misc/computer-vision-test/phase0/analysis/tap_pos.py:145: RuntimeWarning: Mean of empty slice
  cols.append(np.nanmean(B[:, :, CH_CONF], axis=1)[:, None])
/Users/pashaalidadi/Documents/misc/computer-vision-test/phase0/analysis/tap_pos.py:145: RuntimeWarning: Mean of empty slice
  cols.append(np.nanmean(B[:, :, CH_CONF], axis=1)[:, None])
  pose scratch_rel   frac=0.25 seed=2 (42s)
/Users/pashaalidadi/Documents/misc/computer-vision-test/phase0/analysis/tap_pos.py:145: RuntimeWarning: Mean of empty slice
  cols.append(np.nanmean(B[:, :, CH_CONF], axis=1)[:, None])
/Users/pashaalidadi/Documents/misc/computer-vision-test/phase0/analysis/tap_pos.py:145: RuntimeWarning: Mean of empty slice
  cols.append(np.nanmean(B[:, :, CH_CONF], axis=1)[:, None])
/Users/pashaalidadi/Documents/misc/computer-vision-test/phase0/analysis/tap_pos.py:145: RuntimeWarning: Mean of empty slice
  cols.append(np.nanmean(B[:, :, CH_CONF], axis=1)[:, None])
/Users/pashaalidadi/Documents/misc/computer-vision-test/phase0/analysis/tap_pos.py:145: RuntimeWarning: Mean of empty slice
  cols.append(np.nanmean(B[:, :, CH_CONF], axis=1)[:, None])
/Users/pashaalidadi/Documents/misc/computer-vision-test/phase0/analysis/tap_pos.py:145: RuntimeWarning: Mean of empty slice
  cols.append(np.nanmean(B[:, :, CH_CONF], axis=1)[:, None])
/Users/pashaalidadi/Documents/misc/computer-vision-test/phase0/analysis/tap_pos.py:145: RuntimeWarning: Mean of empty slice
  cols.append(np.nanmean(B[:, :, CH_CONF], axis=1)[:, None])
  pose finetune_rel  frac=0.25 seed=2 (26s)
/Users/pashaalidadi/Documents/misc/computer-vision-test/phase0/analysis/tap_pos.py:145: RuntimeWarning: Mean of empty slice
  cols.append(np.nanmean(B[:, :, CH_CONF], axis=1)[:, None])
/Users/pashaalidadi/Documents/misc/computer-vision-test/phase0/analysis/tap_pos.py:145: RuntimeWarning: Mean of empty slice
  cols.append(np.nanmean(B[:, :, CH_CONF], axis=1)[:, None])
/Users/pashaalidadi/Documents/misc/computer-vision-test/phase0/analysis/tap_pos.py:145: RuntimeWarning: Mean of empty slice
  cols.append(np.nanmean(B[:, :, CH_CONF], axis=1)[:, None])
/Users/pashaalidadi/Documents/misc/computer-vision-test/phase0/analysis/tap_pos.py:145: RuntimeWarning: Mean of empty slice
  cols.append(np.nanmean(B[:, :, CH_CONF], axis=1)[:, None])
/Users/pashaalidadi/Documents/misc/computer-vision-test/phase0/analysis/tap_pos.py:145: RuntimeWarning: Mean of empty slice
  cols.append(np.nanmean(B[:, :, CH_CONF], axis=1)[:, None])
/Users/pashaalidadi/Documents/misc/computer-vision-test/phase0/analysis/tap_pos.py:145: RuntimeWarning: Mean of empty slice
  cols.append(np.nanmean(B[:, :, CH_CONF], axis=1)[:, None])
  pose stack_rel     frac=0.25 seed=2 (42s)
  pose scratch_abs   frac=0.5 seed=0 (95s)
/Users/pashaalidadi/Documents/misc/computer-vision-test/phase0/analysis/tap_pos.py:145: RuntimeWarning: Mean of empty slice
  cols.append(np.nanmean(B[:, :, CH_CONF], axis=1)[:, None])
/Users/pashaalidadi/Documents/misc/computer-vision-test/phase0/analysis/tap_pos.py:145: RuntimeWarning: Mean of empty slice
  cols.append(np.nanmean(B[:, :, CH_CONF], axis=1)[:, None])
/Users/pashaalidadi/Documents/misc/computer-vision-test/phase0/analysis/tap_pos.py:145: RuntimeWarning: Mean of empty slice
  cols.append(np.nanmean(B[:, :, CH_CONF], axis=1)[:, None])
/Users/pashaalidadi/Documents/misc/computer-vision-test/phase0/analysis/tap_pos.py:145: RuntimeWarning: Mean of empty slice
  cols.append(np.nanmean(B[:, :, CH_CONF], axis=1)[:, None])
/Users/pashaalidadi/Documents/misc/computer-vision-test/phase0/analysis/tap_pos.py:145: RuntimeWarning: Mean of empty slice
  cols.append(np.nanmean(B[:, :, CH_CONF], axis=1)[:, None])
/Users/pashaalidadi/Documents/misc/computer-vision-test/phase0/analysis/tap_pos.py:145: RuntimeWarning: Mean of empty slice
  cols.append(np.nanmean(B[:, :, CH_CONF], axis=1)[:, None])
/Users/pashaalidadi/Documents/misc/computer-vision-test/phase0/analysis/tap_pos.py:145: RuntimeWarning: Mean of empty slice
  cols.append(np.nanmean(B[:, :, CH_CONF], axis=1)[:, None])
/Users/pashaalidadi/Documents/misc/computer-vision-test/phase0/analysis/tap_pos.py:145: RuntimeWarning: Mean of empty slice
  cols.append(np.nanmean(B[:, :, CH_CONF], axis=1)[:, None])
/Users/pashaalidadi/Documents/misc/computer-vision-test/phase0/analysis/tap_pos.py:145: RuntimeWarning: Mean of empty slice
  cols.append(np.nanmean(B[:, :, CH_CONF], axis=1)[:, None])
  pose scratch_rel   frac=0.5 seed=0 (107s)
/Users/pashaalidadi/Documents/misc/computer-vision-test/phase0/analysis/tap_pos.py:145: RuntimeWarning: Mean of empty slice
  cols.append(np.nanmean(B[:, :, CH_CONF], axis=1)[:, None])
/Users/pashaalidadi/Documents/misc/computer-vision-test/phase0/analysis/tap_pos.py:145: RuntimeWarning: Mean of empty slice
  cols.append(np.nanmean(B[:, :, CH_CONF], axis=1)[:, None])
/Users/pashaalidadi/Documents/misc/computer-vision-test/phase0/analysis/tap_pos.py:145: RuntimeWarning: Mean of empty slice
  cols.append(np.nanmean(B[:, :, CH_CONF], axis=1)[:, None])
/Users/pashaalidadi/Documents/misc/computer-vision-test/phase0/analysis/tap_pos.py:145: RuntimeWarning: Mean of empty slice
  cols.append(np.nanmean(B[:, :, CH_CONF], axis=1)[:, None])
/Users/pashaalidadi/Documents/misc/computer-vision-test/phase0/analysis/tap_pos.py:145: RuntimeWarning: Mean of empty slice
  cols.append(np.nanmean(B[:, :, CH_CONF], axis=1)[:, None])
/Users/pashaalidadi/Documents/misc/computer-vision-test/phase0/analysis/tap_pos.py:145: RuntimeWarning: Mean of empty slice
  cols.append(np.nanmean(B[:, :, CH_CONF], axis=1)[:, None])
/Users/pashaalidadi/Documents/misc/computer-vision-test/phase0/analysis/tap_pos.py:145: RuntimeWarning: Mean of empty slice
  cols.append(np.nanmean(B[:, :, CH_CONF], axis=1)[:, None])
/Users/pashaalidadi/Documents/misc/computer-vision-test/phase0/analysis/tap_pos.py:145: RuntimeWarning: Mean of empty slice
  cols.append(np.nanmean(B[:, :, CH_CONF], axis=1)[:, None])
/Users/pashaalidadi/Documents/misc/computer-vision-test/phase0/analysis/tap_pos.py:145: RuntimeWarning: Mean of empty slice
  cols.append(np.nanmean(B[:, :, CH_CONF], axis=1)[:, None])
  pose finetune_rel  frac=0.5 seed=0 (31s)
/Users/pashaalidadi/Documents/misc/computer-vision-test/phase0/analysis/tap_pos.py:145: RuntimeWarning: Mean of empty slice
  cols.append(np.nanmean(B[:, :, CH_CONF], axis=1)[:, None])
/Users/pashaalidadi/Documents/misc/computer-vision-test/phase0/analysis/tap_pos.py:145: RuntimeWarning: Mean of empty slice
  cols.append(np.nanmean(B[:, :, CH_CONF], axis=1)[:, None])
/Users/pashaalidadi/Documents/misc/computer-vision-test/phase0/analysis/tap_pos.py:145: RuntimeWarning: Mean of empty slice
  cols.append(np.nanmean(B[:, :, CH_CONF], axis=1)[:, None])
/Users/pashaalidadi/Documents/misc/computer-vision-test/phase0/analysis/tap_pos.py:145: RuntimeWarning: Mean of empty slice
  cols.append(np.nanmean(B[:, :, CH_CONF], axis=1)[:, None])
/Users/pashaalidadi/Documents/misc/computer-vision-test/phase0/analysis/tap_pos.py:145: RuntimeWarning: Mean of empty slice
  cols.append(np.nanmean(B[:, :, CH_CONF], axis=1)[:, None])
/Users/pashaalidadi/Documents/misc/computer-vision-test/phase0/analysis/tap_pos.py:145: RuntimeWarning: Mean of empty slice
  cols.append(np.nanmean(B[:, :, CH_CONF], axis=1)[:, None])
/Users/pashaalidadi/Documents/misc/computer-vision-test/phase0/analysis/tap_pos.py:145: RuntimeWarning: Mean of empty slice
  cols.append(np.nanmean(B[:, :, CH_CONF], axis=1)[:, None])
/Users/pashaalidadi/Documents/misc/computer-vision-test/phase0/analysis/tap_pos.py:145: RuntimeWarning: Mean of empty slice
  cols.append(np.nanmean(B[:, :, CH_CONF], axis=1)[:, None])
/Users/pashaalidadi/Documents/misc/computer-vision-test/phase0/analysis/tap_pos.py:145: RuntimeWarning: Mean of empty slice
  cols.append(np.nanmean(B[:, :, CH_CONF], axis=1)[:, None])
  pose stack_rel     frac=0.5 seed=0 (73s)
  pose scratch_abs   frac=0.5 seed=1 (85s)
/Users/pashaalidadi/Documents/misc/computer-vision-test/phase0/analysis/tap_pos.py:145: RuntimeWarning: Mean of empty slice
  cols.append(np.nanmean(B[:, :, CH_CONF], axis=1)[:, None])
/Users/pashaalidadi/Documents/misc/computer-vision-test/phase0/analysis/tap_pos.py:145: RuntimeWarning: Mean of empty slice
  cols.append(np.nanmean(B[:, :, CH_CONF], axis=1)[:, None])
/Users/pashaalidadi/Documents/misc/computer-vision-test/phase0/analysis/tap_pos.py:145: RuntimeWarning: Mean of empty slice
  cols.append(np.nanmean(B[:, :, CH_CONF], axis=1)[:, None])
/Users/pashaalidadi/Documents/misc/computer-vision-test/phase0/analysis/tap_pos.py:145: RuntimeWarning: Mean of empty slice
  cols.append(np.nanmean(B[:, :, CH_CONF], axis=1)[:, None])
/Users/pashaalidadi/Documents/misc/computer-vision-test/phase0/analysis/tap_pos.py:145: RuntimeWarning: Mean of empty slice
  cols.append(np.nanmean(B[:, :, CH_CONF], axis=1)[:, None])
/Users/pashaalidadi/Documents/misc/computer-vision-test/phase0/analysis/tap_pos.py:145: RuntimeWarning: Mean of empty slice
  cols.append(np.nanmean(B[:, :, CH_CONF], axis=1)[:, None])
  pose scratch_rel   frac=0.5 seed=1 (87s)
/Users/pashaalidadi/Documents/misc/computer-vision-test/phase0/analysis/tap_pos.py:145: RuntimeWarning: Mean of empty slice
  cols.append(np.nanmean(B[:, :, CH_CONF], axis=1)[:, None])
/Users/pashaalidadi/Documents/misc/computer-vision-test/phase0/analysis/tap_pos.py:145: RuntimeWarning: Mean of empty slice
  cols.append(np.nanmean(B[:, :, CH_CONF], axis=1)[:, None])
/Users/pashaalidadi/Documents/misc/computer-vision-test/phase0/analysis/tap_pos.py:145: RuntimeWarning: Mean of empty slice
  cols.append(np.nanmean(B[:, :, CH_CONF], axis=1)[:, None])
/Users/pashaalidadi/Documents/misc/computer-vision-test/phase0/analysis/tap_pos.py:145: RuntimeWarning: Mean of empty slice
  cols.append(np.nanmean(B[:, :, CH_CONF], axis=1)[:, None])
/Users/pashaalidadi/Documents/misc/computer-vision-test/phase0/analysis/tap_pos.py:145: RuntimeWarning: Mean of empty slice
  cols.append(np.nanmean(B[:, :, CH_CONF], axis=1)[:, None])
/Users/pashaalidadi/Documents/misc/computer-vision-test/phase0/analysis/tap_pos.py:145: RuntimeWarning: Mean of empty slice
  cols.append(np.nanmean(B[:, :, CH_CONF], axis=1)[:, None])
  pose finetune_rel  frac=0.5 seed=1 (33s)
/Users/pashaalidadi/Documents/misc/computer-vision-test/phase0/analysis/tap_pos.py:145: RuntimeWarning: Mean of empty slice
  cols.append(np.nanmean(B[:, :, CH_CONF], axis=1)[:, None])
/Users/pashaalidadi/Documents/misc/computer-vision-test/phase0/analysis/tap_pos.py:145: RuntimeWarning: Mean of empty slice
  cols.append(np.nanmean(B[:, :, CH_CONF], axis=1)[:, None])
/Users/pashaalidadi/Documents/misc/computer-vision-test/phase0/analysis/tap_pos.py:145: RuntimeWarning: Mean of empty slice
  cols.append(np.nanmean(B[:, :, CH_CONF], axis=1)[:, None])
/Users/pashaalidadi/Documents/misc/computer-vision-test/phase0/analysis/tap_pos.py:145: RuntimeWarning: Mean of empty slice
  cols.append(np.nanmean(B[:, :, CH_CONF], axis=1)[:, None])
/Users/pashaalidadi/Documents/misc/computer-vision-test/phase0/analysis/tap_pos.py:145: RuntimeWarning: Mean of empty slice
  cols.append(np.nanmean(B[:, :, CH_CONF], axis=1)[:, None])
/Users/pashaalidadi/Documents/misc/computer-vision-test/phase0/analysis/tap_pos.py:145: RuntimeWarning: Mean of empty slice
  cols.append(np.nanmean(B[:, :, CH_CONF], axis=1)[:, None])
  pose stack_rel     frac=0.5 seed=1 (82s)
  pose scratch_abs   frac=0.5 seed=2 (116s)
/Users/pashaalidadi/Documents/misc/computer-vision-test/phase0/analysis/tap_pos.py:145: RuntimeWarning: Mean of empty slice
  cols.append(np.nanmean(B[:, :, CH_CONF], axis=1)[:, None])
/Users/pashaalidadi/Documents/misc/computer-vision-test/phase0/analysis/tap_pos.py:145: RuntimeWarning: Mean of empty slice
  cols.append(np.nanmean(B[:, :, CH_CONF], axis=1)[:, None])
/Users/pashaalidadi/Documents/misc/computer-vision-test/phase0/analysis/tap_pos.py:145: RuntimeWarning: Mean of empty slice
  cols.append(np.nanmean(B[:, :, CH_CONF], axis=1)[:, None])
/Users/pashaalidadi/Documents/misc/computer-vision-test/phase0/analysis/tap_pos.py:145: RuntimeWarning: Mean of empty slice
  cols.append(np.nanmean(B[:, :, CH_CONF], axis=1)[:, None])
/Users/pashaalidadi/Documents/misc/computer-vision-test/phase0/analysis/tap_pos.py:145: RuntimeWarning: Mean of empty slice
  cols.append(np.nanmean(B[:, :, CH_CONF], axis=1)[:, None])
/Users/pashaalidadi/Documents/misc/computer-vision-test/phase0/analysis/tap_pos.py:145: RuntimeWarning: Mean of empty slice
  cols.append(np.nanmean(B[:, :, CH_CONF], axis=1)[:, None])
/Users/pashaalidadi/Documents/misc/computer-vision-test/phase0/analysis/tap_pos.py:145: RuntimeWarning: Mean of empty slice
  cols.append(np.nanmean(B[:, :, CH_CONF], axis=1)[:, None])
/Users/pashaalidadi/Documents/misc/computer-vision-test/phase0/analysis/tap_pos.py:145: RuntimeWarning: Mean of empty slice
  cols.append(np.nanmean(B[:, :, CH_CONF], axis=1)[:, None])
/Users/pashaalidadi/Documents/misc/computer-vision-test/phase0/analysis/tap_pos.py:145: RuntimeWarning: Mean of empty slice
  cols.append(np.nanmean(B[:, :, CH_CONF], axis=1)[:, None])
  pose scratch_rel   frac=0.5 seed=2 (78s)
/Users/pashaalidadi/Documents/misc/computer-vision-test/phase0/analysis/tap_pos.py:145: RuntimeWarning: Mean of empty slice
  cols.append(np.nanmean(B[:, :, CH_CONF], axis=1)[:, None])
/Users/pashaalidadi/Documents/misc/computer-vision-test/phase0/analysis/tap_pos.py:145: RuntimeWarning: Mean of empty slice
  cols.append(np.nanmean(B[:, :, CH_CONF], axis=1)[:, None])
/Users/pashaalidadi/Documents/misc/computer-vision-test/phase0/analysis/tap_pos.py:145: RuntimeWarning: Mean of empty slice
  cols.append(np.nanmean(B[:, :, CH_CONF], axis=1)[:, None])
/Users/pashaalidadi/Documents/misc/computer-vision-test/phase0/analysis/tap_pos.py:145: RuntimeWarning: Mean of empty slice
  cols.append(np.nanmean(B[:, :, CH_CONF], axis=1)[:, None])
/Users/pashaalidadi/Documents/misc/computer-vision-test/phase0/analysis/tap_pos.py:145: RuntimeWarning: Mean of empty slice
  cols.append(np.nanmean(B[:, :, CH_CONF], axis=1)[:, None])
/Users/pashaalidadi/Documents/misc/computer-vision-test/phase0/analysis/tap_pos.py:145: RuntimeWarning: Mean of empty slice
  cols.append(np.nanmean(B[:, :, CH_CONF], axis=1)[:, None])
/Users/pashaalidadi/Documents/misc/computer-vision-test/phase0/analysis/tap_pos.py:145: RuntimeWarning: Mean of empty slice
  cols.append(np.nanmean(B[:, :, CH_CONF], axis=1)[:, None])
/Users/pashaalidadi/Documents/misc/computer-vision-test/phase0/analysis/tap_pos.py:145: RuntimeWarning: Mean of empty slice
  cols.append(np.nanmean(B[:, :, CH_CONF], axis=1)[:, None])
/Users/pashaalidadi/Documents/misc/computer-vision-test/phase0/analysis/tap_pos.py:145: RuntimeWarning: Mean of empty slice
  cols.append(np.nanmean(B[:, :, CH_CONF], axis=1)[:, None])
  pose finetune_rel  frac=0.5 seed=2 (28s)
/Users/pashaalidadi/Documents/misc/computer-vision-test/phase0/analysis/tap_pos.py:145: RuntimeWarning: Mean of empty slice
  cols.append(np.nanmean(B[:, :, CH_CONF], axis=1)[:, None])
/Users/pashaalidadi/Documents/misc/computer-vision-test/phase0/analysis/tap_pos.py:145: RuntimeWarning: Mean of empty slice
  cols.append(np.nanmean(B[:, :, CH_CONF], axis=1)[:, None])
/Users/pashaalidadi/Documents/misc/computer-vision-test/phase0/analysis/tap_pos.py:145: RuntimeWarning: Mean of empty slice
  cols.append(np.nanmean(B[:, :, CH_CONF], axis=1)[:, None])
/Users/pashaalidadi/Documents/misc/computer-vision-test/phase0/analysis/tap_pos.py:145: RuntimeWarning: Mean of empty slice
  cols.append(np.nanmean(B[:, :, CH_CONF], axis=1)[:, None])
/Users/pashaalidadi/Documents/misc/computer-vision-test/phase0/analysis/tap_pos.py:145: RuntimeWarning: Mean of empty slice
  cols.append(np.nanmean(B[:, :, CH_CONF], axis=1)[:, None])
/Users/pashaalidadi/Documents/misc/computer-vision-test/phase0/analysis/tap_pos.py:145: RuntimeWarning: Mean of empty slice
  cols.append(np.nanmean(B[:, :, CH_CONF], axis=1)[:, None])
/Users/pashaalidadi/Documents/misc/computer-vision-test/phase0/analysis/tap_pos.py:145: RuntimeWarning: Mean of empty slice
  cols.append(np.nanmean(B[:, :, CH_CONF], axis=1)[:, None])
/Users/pashaalidadi/Documents/misc/computer-vision-test/phase0/analysis/tap_pos.py:145: RuntimeWarning: Mean of empty slice
  cols.append(np.nanmean(B[:, :, CH_CONF], axis=1)[:, None])
/Users/pashaalidadi/Documents/misc/computer-vision-test/phase0/analysis/tap_pos.py:145: RuntimeWarning: Mean of empty slice
  cols.append(np.nanmean(B[:, :, CH_CONF], axis=1)[:, None])
  pose stack_rel     frac=0.5 seed=2 (72s)
  pose scratch_abs   frac=1.0 seed=0 (124s)
/Users/pashaalidadi/Documents/misc/computer-vision-test/phase0/analysis/tap_pos.py:145: RuntimeWarning: Mean of empty slice
  cols.append(np.nanmean(B[:, :, CH_CONF], axis=1)[:, None])
/Users/pashaalidadi/Documents/misc/computer-vision-test/phase0/analysis/tap_pos.py:145: RuntimeWarning: Mean of empty slice
  cols.append(np.nanmean(B[:, :, CH_CONF], axis=1)[:, None])
/Users/pashaalidadi/Documents/misc/computer-vision-test/phase0/analysis/tap_pos.py:145: RuntimeWarning: Mean of empty slice
  cols.append(np.nanmean(B[:, :, CH_CONF], axis=1)[:, None])
/Users/pashaalidadi/Documents/misc/computer-vision-test/phase0/analysis/tap_pos.py:145: RuntimeWarning: Mean of empty slice
  cols.append(np.nanmean(B[:, :, CH_CONF], axis=1)[:, None])
/Users/pashaalidadi/Documents/misc/computer-vision-test/phase0/analysis/tap_pos.py:145: RuntimeWarning: Mean of empty slice
  cols.append(np.nanmean(B[:, :, CH_CONF], axis=1)[:, None])
/Users/pashaalidadi/Documents/misc/computer-vision-test/phase0/analysis/tap_pos.py:145: RuntimeWarning: Mean of empty slice
  cols.append(np.nanmean(B[:, :, CH_CONF], axis=1)[:, None])
/Users/pashaalidadi/Documents/misc/computer-vision-test/phase0/analysis/tap_pos.py:145: RuntimeWarning: Mean of empty slice
  cols.append(np.nanmean(B[:, :, CH_CONF], axis=1)[:, None])
/Users/pashaalidadi/Documents/misc/computer-vision-test/phase0/analysis/tap_pos.py:145: RuntimeWarning: Mean of empty slice
  cols.append(np.nanmean(B[:, :, CH_CONF], axis=1)[:, None])
/Users/pashaalidadi/Documents/misc/computer-vision-test/phase0/analysis/tap_pos.py:145: RuntimeWarning: Mean of empty slice
  cols.append(np.nanmean(B[:, :, CH_CONF], axis=1)[:, None])
/Users/pashaalidadi/Documents/misc/computer-vision-test/phase0/analysis/tap_pos.py:145: RuntimeWarning: Mean of empty slice
  cols.append(np.nanmean(B[:, :, CH_CONF], axis=1)[:, None])
/Users/pashaalidadi/Documents/misc/computer-vision-test/phase0/analysis/tap_pos.py:145: RuntimeWarning: Mean of empty slice
  cols.append(np.nanmean(B[:, :, CH_CONF], axis=1)[:, None])
/Users/pashaalidadi/Documents/misc/computer-vision-test/phase0/analysis/tap_pos.py:145: RuntimeWarning: Mean of empty slice
  cols.append(np.nanmean(B[:, :, CH_CONF], axis=1)[:, None])
  pose scratch_rel   frac=1.0 seed=0 (107s)
/Users/pashaalidadi/Documents/misc/computer-vision-test/phase0/analysis/tap_pos.py:145: RuntimeWarning: Mean of empty slice
  cols.append(np.nanmean(B[:, :, CH_CONF], axis=1)[:, None])
/Users/pashaalidadi/Documents/misc/computer-vision-test/phase0/analysis/tap_pos.py:145: RuntimeWarning: Mean of empty slice
  cols.append(np.nanmean(B[:, :, CH_CONF], axis=1)[:, None])
/Users/pashaalidadi/Documents/misc/computer-vision-test/phase0/analysis/tap_pos.py:145: RuntimeWarning: Mean of empty slice
  cols.append(np.nanmean(B[:, :, CH_CONF], axis=1)[:, None])
  pose zeroshot_rel  frac=1.0 seed=0 (0s)
/Users/pashaalidadi/Documents/misc/computer-vision-test/phase0/analysis/tap_pos.py:145: RuntimeWarning: Mean of empty slice
  cols.append(np.nanmean(B[:, :, CH_CONF], axis=1)[:, None])
/Users/pashaalidadi/Documents/misc/computer-vision-test/phase0/analysis/tap_pos.py:145: RuntimeWarning: Mean of empty slice
  cols.append(np.nanmean(B[:, :, CH_CONF], axis=1)[:, None])
/Users/pashaalidadi/Documents/misc/computer-vision-test/phase0/analysis/tap_pos.py:145: RuntimeWarning: Mean of empty slice
  cols.append(np.nanmean(B[:, :, CH_CONF], axis=1)[:, None])
/Users/pashaalidadi/Documents/misc/computer-vision-test/phase0/analysis/tap_pos.py:145: RuntimeWarning: Mean of empty slice
  cols.append(np.nanmean(B[:, :, CH_CONF], axis=1)[:, None])
/Users/pashaalidadi/Documents/misc/computer-vision-test/phase0/analysis/tap_pos.py:145: RuntimeWarning: Mean of empty slice
  cols.append(np.nanmean(B[:, :, CH_CONF], axis=1)[:, None])
/Users/pashaalidadi/Documents/misc/computer-vision-test/phase0/analysis/tap_pos.py:145: RuntimeWarning: Mean of empty slice
  cols.append(np.nanmean(B[:, :, CH_CONF], axis=1)[:, None])
/Users/pashaalidadi/Documents/misc/computer-vision-test/phase0/analysis/tap_pos.py:145: RuntimeWarning: Mean of empty slice
  cols.append(np.nanmean(B[:, :, CH_CONF], axis=1)[:, None])
/Users/pashaalidadi/Documents/misc/computer-vision-test/phase0/analysis/tap_pos.py:145: RuntimeWarning: Mean of empty slice
  cols.append(np.nanmean(B[:, :, CH_CONF], axis=1)[:, None])
/Users/pashaalidadi/Documents/misc/computer-vision-test/phase0/analysis/tap_pos.py:145: RuntimeWarning: Mean of empty slice
  cols.append(np.nanmean(B[:, :, CH_CONF], axis=1)[:, None])
/Users/pashaalidadi/Documents/misc/computer-vision-test/phase0/analysis/tap_pos.py:145: RuntimeWarning: Mean of empty slice
  cols.append(np.nanmean(B[:, :, CH_CONF], axis=1)[:, None])
/Users/pashaalidadi/Documents/misc/computer-vision-test/phase0/analysis/tap_pos.py:145: RuntimeWarning: Mean of empty slice
  cols.append(np.nanmean(B[:, :, CH_CONF], axis=1)[:, None])
/Users/pashaalidadi/Documents/misc/computer-vision-test/phase0/analysis/tap_pos.py:145: RuntimeWarning: Mean of empty slice
  cols.append(np.nanmean(B[:, :, CH_CONF], axis=1)[:, None])
  pose finetune_rel  frac=1.0 seed=0 (32s)
/Users/pashaalidadi/Documents/misc/computer-vision-test/phase0/analysis/tap_pos.py:145: RuntimeWarning: Mean of empty slice
  cols.append(np.nanmean(B[:, :, CH_CONF], axis=1)[:, None])
/Users/pashaalidadi/Documents/misc/computer-vision-test/phase0/analysis/tap_pos.py:145: RuntimeWarning: Mean of empty slice
  cols.append(np.nanmean(B[:, :, CH_CONF], axis=1)[:, None])
/Users/pashaalidadi/Documents/misc/computer-vision-test/phase0/analysis/tap_pos.py:145: RuntimeWarning: Mean of empty slice
  cols.append(np.nanmean(B[:, :, CH_CONF], axis=1)[:, None])
/Users/pashaalidadi/Documents/misc/computer-vision-test/phase0/analysis/tap_pos.py:145: RuntimeWarning: Mean of empty slice
  cols.append(np.nanmean(B[:, :, CH_CONF], axis=1)[:, None])
/Users/pashaalidadi/Documents/misc/computer-vision-test/phase0/analysis/tap_pos.py:145: RuntimeWarning: Mean of empty slice
  cols.append(np.nanmean(B[:, :, CH_CONF], axis=1)[:, None])
/Users/pashaalidadi/Documents/misc/computer-vision-test/phase0/analysis/tap_pos.py:145: RuntimeWarning: Mean of empty slice
  cols.append(np.nanmean(B[:, :, CH_CONF], axis=1)[:, None])
/Users/pashaalidadi/Documents/misc/computer-vision-test/phase0/analysis/tap_pos.py:145: RuntimeWarning: Mean of empty slice
  cols.append(np.nanmean(B[:, :, CH_CONF], axis=1)[:, None])
/Users/pashaalidadi/Documents/misc/computer-vision-test/phase0/analysis/tap_pos.py:145: RuntimeWarning: Mean of empty slice
  cols.append(np.nanmean(B[:, :, CH_CONF], axis=1)[:, None])
/Users/pashaalidadi/Documents/misc/computer-vision-test/phase0/analysis/tap_pos.py:145: RuntimeWarning: Mean of empty slice
  cols.append(np.nanmean(B[:, :, CH_CONF], axis=1)[:, None])
/Users/pashaalidadi/Documents/misc/computer-vision-test/phase0/analysis/tap_pos.py:145: RuntimeWarning: Mean of empty slice
  cols.append(np.nanmean(B[:, :, CH_CONF], axis=1)[:, None])
/Users/pashaalidadi/Documents/misc/computer-vision-test/phase0/analysis/tap_pos.py:145: RuntimeWarning: Mean of empty slice
  cols.append(np.nanmean(B[:, :, CH_CONF], axis=1)[:, None])
/Users/pashaalidadi/Documents/misc/computer-vision-test/phase0/analysis/tap_pos.py:145: RuntimeWarning: Mean of empty slice
  cols.append(np.nanmean(B[:, :, CH_CONF], axis=1)[:, None])
  pose stack_rel     frac=1.0 seed=0 (117s)
  pose scratch_abs   frac=1.0 seed=1 (112s)
/Users/pashaalidadi/Documents/misc/computer-vision-test/phase0/analysis/tap_pos.py:145: RuntimeWarning: Mean of empty slice
  cols.append(np.nanmean(B[:, :, CH_CONF], axis=1)[:, None])
/Users/pashaalidadi/Documents/misc/computer-vision-test/phase0/analysis/tap_pos.py:145: RuntimeWarning: Mean of empty slice
  cols.append(np.nanmean(B[:, :, CH_CONF], axis=1)[:, None])
/Users/pashaalidadi/Documents/misc/computer-vision-test/phase0/analysis/tap_pos.py:145: RuntimeWarning: Mean of empty slice
  cols.append(np.nanmean(B[:, :, CH_CONF], axis=1)[:, None])
/Users/pashaalidadi/Documents/misc/computer-vision-test/phase0/analysis/tap_pos.py:145: RuntimeWarning: Mean of empty slice
  cols.append(np.nanmean(B[:, :, CH_CONF], axis=1)[:, None])
/Users/pashaalidadi/Documents/misc/computer-vision-test/phase0/analysis/tap_pos.py:145: RuntimeWarning: Mean of empty slice
  cols.append(np.nanmean(B[:, :, CH_CONF], axis=1)[:, None])
/Users/pashaalidadi/Documents/misc/computer-vision-test/phase0/analysis/tap_pos.py:145: RuntimeWarning: Mean of empty slice
  cols.append(np.nanmean(B[:, :, CH_CONF], axis=1)[:, None])
/Users/pashaalidadi/Documents/misc/computer-vision-test/phase0/analysis/tap_pos.py:145: RuntimeWarning: Mean of empty slice
  cols.append(np.nanmean(B[:, :, CH_CONF], axis=1)[:, None])
/Users/pashaalidadi/Documents/misc/computer-vision-test/phase0/analysis/tap_pos.py:145: RuntimeWarning: Mean of empty slice
  cols.append(np.nanmean(B[:, :, CH_CONF], axis=1)[:, None])
/Users/pashaalidadi/Documents/misc/computer-vision-test/phase0/analysis/tap_pos.py:145: RuntimeWarning: Mean of empty slice
  cols.append(np.nanmean(B[:, :, CH_CONF], axis=1)[:, None])
/Users/pashaalidadi/Documents/misc/computer-vision-test/phase0/analysis/tap_pos.py:145: RuntimeWarning: Mean of empty slice
  cols.append(np.nanmean(B[:, :, CH_CONF], axis=1)[:, None])
/Users/pashaalidadi/Documents/misc/computer-vision-test/phase0/analysis/tap_pos.py:145: RuntimeWarning: Mean of empty slice
  cols.append(np.nanmean(B[:, :, CH_CONF], axis=1)[:, None])
/Users/pashaalidadi/Documents/misc/computer-vision-test/phase0/analysis/tap_pos.py:145: RuntimeWarning: Mean of empty slice
  cols.append(np.nanmean(B[:, :, CH_CONF], axis=1)[:, None])
  pose scratch_rel   frac=1.0 seed=1 (111s)
/Users/pashaalidadi/Documents/misc/computer-vision-test/phase0/analysis/tap_pos.py:145: RuntimeWarning: Mean of empty slice
  cols.append(np.nanmean(B[:, :, CH_CONF], axis=1)[:, None])
/Users/pashaalidadi/Documents/misc/computer-vision-test/phase0/analysis/tap_pos.py:145: RuntimeWarning: Mean of empty slice
  cols.append(np.nanmean(B[:, :, CH_CONF], axis=1)[:, None])
/Users/pashaalidadi/Documents/misc/computer-vision-test/phase0/analysis/tap_pos.py:145: RuntimeWarning: Mean of empty slice
  cols.append(np.nanmean(B[:, :, CH_CONF], axis=1)[:, None])
  pose zeroshot_rel  frac=1.0 seed=1 (0s)
/Users/pashaalidadi/Documents/misc/computer-vision-test/phase0/analysis/tap_pos.py:145: RuntimeWarning: Mean of empty slice
  cols.append(np.nanmean(B[:, :, CH_CONF], axis=1)[:, None])
/Users/pashaalidadi/Documents/misc/computer-vision-test/phase0/analysis/tap_pos.py:145: RuntimeWarning: Mean of empty slice
  cols.append(np.nanmean(B[:, :, CH_CONF], axis=1)[:, None])
/Users/pashaalidadi/Documents/misc/computer-vision-test/phase0/analysis/tap_pos.py:145: RuntimeWarning: Mean of empty slice
  cols.append(np.nanmean(B[:, :, CH_CONF], axis=1)[:, None])
/Users/pashaalidadi/Documents/misc/computer-vision-test/phase0/analysis/tap_pos.py:145: RuntimeWarning: Mean of empty slice
  cols.append(np.nanmean(B[:, :, CH_CONF], axis=1)[:, None])
/Users/pashaalidadi/Documents/misc/computer-vision-test/phase0/analysis/tap_pos.py:145: RuntimeWarning: Mean of empty slice
  cols.append(np.nanmean(B[:, :, CH_CONF], axis=1)[:, None])
/Users/pashaalidadi/Documents/misc/computer-vision-test/phase0/analysis/tap_pos.py:145: RuntimeWarning: Mean of empty slice
  cols.append(np.nanmean(B[:, :, CH_CONF], axis=1)[:, None])
/Users/pashaalidadi/Documents/misc/computer-vision-test/phase0/analysis/tap_pos.py:145: RuntimeWarning: Mean of empty slice
  cols.append(np.nanmean(B[:, :, CH_CONF], axis=1)[:, None])
/Users/pashaalidadi/Documents/misc/computer-vision-test/phase0/analysis/tap_pos.py:145: RuntimeWarning: Mean of empty slice
  cols.append(np.nanmean(B[:, :, CH_CONF], axis=1)[:, None])
/Users/pashaalidadi/Documents/misc/computer-vision-test/phase0/analysis/tap_pos.py:145: RuntimeWarning: Mean of empty slice
  cols.append(np.nanmean(B[:, :, CH_CONF], axis=1)[:, None])
/Users/pashaalidadi/Documents/misc/computer-vision-test/phase0/analysis/tap_pos.py:145: RuntimeWarning: Mean of empty slice
  cols.append(np.nanmean(B[:, :, CH_CONF], axis=1)[:, None])
/Users/pashaalidadi/Documents/misc/computer-vision-test/phase0/analysis/tap_pos.py:145: RuntimeWarning: Mean of empty slice
  cols.append(np.nanmean(B[:, :, CH_CONF], axis=1)[:, None])
/Users/pashaalidadi/Documents/misc/computer-vision-test/phase0/analysis/tap_pos.py:145: RuntimeWarning: Mean of empty slice
  cols.append(np.nanmean(B[:, :, CH_CONF], axis=1)[:, None])
  pose finetune_rel  frac=1.0 seed=1 (39s)
/Users/pashaalidadi/Documents/misc/computer-vision-test/phase0/analysis/tap_pos.py:145: RuntimeWarning: Mean of empty slice
  cols.append(np.nanmean(B[:, :, CH_CONF], axis=1)[:, None])
/Users/pashaalidadi/Documents/misc/computer-vision-test/phase0/analysis/tap_pos.py:145: RuntimeWarning: Mean of empty slice
  cols.append(np.nanmean(B[:, :, CH_CONF], axis=1)[:, None])
/Users/pashaalidadi/Documents/misc/computer-vision-test/phase0/analysis/tap_pos.py:145: RuntimeWarning: Mean of empty slice
  cols.append(np.nanmean(B[:, :, CH_CONF], axis=1)[:, None])
/Users/pashaalidadi/Documents/misc/computer-vision-test/phase0/analysis/tap_pos.py:145: RuntimeWarning: Mean of empty slice
  cols.append(np.nanmean(B[:, :, CH_CONF], axis=1)[:, None])
/Users/pashaalidadi/Documents/misc/computer-vision-test/phase0/analysis/tap_pos.py:145: RuntimeWarning: Mean of empty slice
  cols.append(np.nanmean(B[:, :, CH_CONF], axis=1)[:, None])
/Users/pashaalidadi/Documents/misc/computer-vision-test/phase0/analysis/tap_pos.py:145: RuntimeWarning: Mean of empty slice
  cols.append(np.nanmean(B[:, :, CH_CONF], axis=1)[:, None])
/Users/pashaalidadi/Documents/misc/computer-vision-test/phase0/analysis/tap_pos.py:145: RuntimeWarning: Mean of empty slice
  cols.append(np.nanmean(B[:, :, CH_CONF], axis=1)[:, None])
/Users/pashaalidadi/Documents/misc/computer-vision-test/phase0/analysis/tap_pos.py:145: RuntimeWarning: Mean of empty slice
  cols.append(np.nanmean(B[:, :, CH_CONF], axis=1)[:, None])
/Users/pashaalidadi/Documents/misc/computer-vision-test/phase0/analysis/tap_pos.py:145: RuntimeWarning: Mean of empty slice
  cols.append(np.nanmean(B[:, :, CH_CONF], axis=1)[:, None])
/Users/pashaalidadi/Documents/misc/computer-vision-test/phase0/analysis/tap_pos.py:145: RuntimeWarning: Mean of empty slice
  cols.append(np.nanmean(B[:, :, CH_CONF], axis=1)[:, None])
/Users/pashaalidadi/Documents/misc/computer-vision-test/phase0/analysis/tap_pos.py:145: RuntimeWarning: Mean of empty slice
  cols.append(np.nanmean(B[:, :, CH_CONF], axis=1)[:, None])
/Users/pashaalidadi/Documents/misc/computer-vision-test/phase0/analysis/tap_pos.py:145: RuntimeWarning: Mean of empty slice
  cols.append(np.nanmean(B[:, :, CH_CONF], axis=1)[:, None])
  pose stack_rel     frac=1.0 seed=1 (110s)
  pose scratch_abs   frac=1.0 seed=2 (108s)
/Users/pashaalidadi/Documents/misc/computer-vision-test/phase0/analysis/tap_pos.py:145: RuntimeWarning: Mean of empty slice
  cols.append(np.nanmean(B[:, :, CH_CONF], axis=1)[:, None])
/Users/pashaalidadi/Documents/misc/computer-vision-test/phase0/analysis/tap_pos.py:145: RuntimeWarning: Mean of empty slice
  cols.append(np.nanmean(B[:, :, CH_CONF], axis=1)[:, None])
/Users/pashaalidadi/Documents/misc/computer-vision-test/phase0/analysis/tap_pos.py:145: RuntimeWarning: Mean of empty slice
  cols.append(np.nanmean(B[:, :, CH_CONF], axis=1)[:, None])
/Users/pashaalidadi/Documents/misc/computer-vision-test/phase0/analysis/tap_pos.py:145: RuntimeWarning: Mean of empty slice
  cols.append(np.nanmean(B[:, :, CH_CONF], axis=1)[:, None])
/Users/pashaalidadi/Documents/misc/computer-vision-test/phase0/analysis/tap_pos.py:145: RuntimeWarning: Mean of empty slice
  cols.append(np.nanmean(B[:, :, CH_CONF], axis=1)[:, None])
/Users/pashaalidadi/Documents/misc/computer-vision-test/phase0/analysis/tap_pos.py:145: RuntimeWarning: Mean of empty slice
  cols.append(np.nanmean(B[:, :, CH_CONF], axis=1)[:, None])
/Users/pashaalidadi/Documents/misc/computer-vision-test/phase0/analysis/tap_pos.py:145: RuntimeWarning: Mean of empty slice
  cols.append(np.nanmean(B[:, :, CH_CONF], axis=1)[:, None])
/Users/pashaalidadi/Documents/misc/computer-vision-test/phase0/analysis/tap_pos.py:145: RuntimeWarning: Mean of empty slice
  cols.append(np.nanmean(B[:, :, CH_CONF], axis=1)[:, None])
/Users/pashaalidadi/Documents/misc/computer-vision-test/phase0/analysis/tap_pos.py:145: RuntimeWarning: Mean of empty slice
  cols.append(np.nanmean(B[:, :, CH_CONF], axis=1)[:, None])
/Users/pashaalidadi/Documents/misc/computer-vision-test/phase0/analysis/tap_pos.py:145: RuntimeWarning: Mean of empty slice
  cols.append(np.nanmean(B[:, :, CH_CONF], axis=1)[:, None])
/Users/pashaalidadi/Documents/misc/computer-vision-test/phase0/analysis/tap_pos.py:145: RuntimeWarning: Mean of empty slice
  cols.append(np.nanmean(B[:, :, CH_CONF], axis=1)[:, None])
/Users/pashaalidadi/Documents/misc/computer-vision-test/phase0/analysis/tap_pos.py:145: RuntimeWarning: Mean of empty slice
  cols.append(np.nanmean(B[:, :, CH_CONF], axis=1)[:, None])
  pose scratch_rel   frac=1.0 seed=2 (116s)
/Users/pashaalidadi/Documents/misc/computer-vision-test/phase0/analysis/tap_pos.py:145: RuntimeWarning: Mean of empty slice
  cols.append(np.nanmean(B[:, :, CH_CONF], axis=1)[:, None])
/Users/pashaalidadi/Documents/misc/computer-vision-test/phase0/analysis/tap_pos.py:145: RuntimeWarning: Mean of empty slice
  cols.append(np.nanmean(B[:, :, CH_CONF], axis=1)[:, None])
/Users/pashaalidadi/Documents/misc/computer-vision-test/phase0/analysis/tap_pos.py:145: RuntimeWarning: Mean of empty slice
  cols.append(np.nanmean(B[:, :, CH_CONF], axis=1)[:, None])
  pose zeroshot_rel  frac=1.0 seed=2 (0s)
/Users/pashaalidadi/Documents/misc/computer-vision-test/phase0/analysis/tap_pos.py:145: RuntimeWarning: Mean of empty slice
  cols.append(np.nanmean(B[:, :, CH_CONF], axis=1)[:, None])
/Users/pashaalidadi/Documents/misc/computer-vision-test/phase0/analysis/tap_pos.py:145: RuntimeWarning: Mean of empty slice
  cols.append(np.nanmean(B[:, :, CH_CONF], axis=1)[:, None])
/Users/pashaalidadi/Documents/misc/computer-vision-test/phase0/analysis/tap_pos.py:145: RuntimeWarning: Mean of empty slice
  cols.append(np.nanmean(B[:, :, CH_CONF], axis=1)[:, None])
/Users/pashaalidadi/Documents/misc/computer-vision-test/phase0/analysis/tap_pos.py:145: RuntimeWarning: Mean of empty slice
  cols.append(np.nanmean(B[:, :, CH_CONF], axis=1)[:, None])
/Users/pashaalidadi/Documents/misc/computer-vision-test/phase0/analysis/tap_pos.py:145: RuntimeWarning: Mean of empty slice
  cols.append(np.nanmean(B[:, :, CH_CONF], axis=1)[:, None])
/Users/pashaalidadi/Documents/misc/computer-vision-test/phase0/analysis/tap_pos.py:145: RuntimeWarning: Mean of empty slice
  cols.append(np.nanmean(B[:, :, CH_CONF], axis=1)[:, None])
/Users/pashaalidadi/Documents/misc/computer-vision-test/phase0/analysis/tap_pos.py:145: RuntimeWarning: Mean of empty slice
  cols.append(np.nanmean(B[:, :, CH_CONF], axis=1)[:, None])
/Users/pashaalidadi/Documents/misc/computer-vision-test/phase0/analysis/tap_pos.py:145: RuntimeWarning: Mean of empty slice
  cols.append(np.nanmean(B[:, :, CH_CONF], axis=1)[:, None])
/Users/pashaalidadi/Documents/misc/computer-vision-test/phase0/analysis/tap_pos.py:145: RuntimeWarning: Mean of empty slice
  cols.append(np.nanmean(B[:, :, CH_CONF], axis=1)[:, None])
/Users/pashaalidadi/Documents/misc/computer-vision-test/phase0/analysis/tap_pos.py:145: RuntimeWarning: Mean of empty slice
  cols.append(np.nanmean(B[:, :, CH_CONF], axis=1)[:, None])
/Users/pashaalidadi/Documents/misc/computer-vision-test/phase0/analysis/tap_pos.py:145: RuntimeWarning: Mean of empty slice
  cols.append(np.nanmean(B[:, :, CH_CONF], axis=1)[:, None])
/Users/pashaalidadi/Documents/misc/computer-vision-test/phase0/analysis/tap_pos.py:145: RuntimeWarning: Mean of empty slice
  cols.append(np.nanmean(B[:, :, CH_CONF], axis=1)[:, None])
  pose finetune_rel  frac=1.0 seed=2 (42s)
/Users/pashaalidadi/Documents/misc/computer-vision-test/phase0/analysis/tap_pos.py:145: RuntimeWarning: Mean of empty slice
  cols.append(np.nanmean(B[:, :, CH_CONF], axis=1)[:, None])
/Users/pashaalidadi/Documents/misc/computer-vision-test/phase0/analysis/tap_pos.py:145: RuntimeWarning: Mean of empty slice
  cols.append(np.nanmean(B[:, :, CH_CONF], axis=1)[:, None])
/Users/pashaalidadi/Documents/misc/computer-vision-test/phase0/analysis/tap_pos.py:145: RuntimeWarning: Mean of empty slice
  cols.append(np.nanmean(B[:, :, CH_CONF], axis=1)[:, None])
/Users/pashaalidadi/Documents/misc/computer-vision-test/phase0/analysis/tap_pos.py:145: RuntimeWarning: Mean of empty slice
  cols.append(np.nanmean(B[:, :, CH_CONF], axis=1)[:, None])
/Users/pashaalidadi/Documents/misc/computer-vision-test/phase0/analysis/tap_pos.py:145: RuntimeWarning: Mean of empty slice
  cols.append(np.nanmean(B[:, :, CH_CONF], axis=1)[:, None])
/Users/pashaalidadi/Documents/misc/computer-vision-test/phase0/analysis/tap_pos.py:145: RuntimeWarning: Mean of empty slice
  cols.append(np.nanmean(B[:, :, CH_CONF], axis=1)[:, None])
/Users/pashaalidadi/Documents/misc/computer-vision-test/phase0/analysis/tap_pos.py:145: RuntimeWarning: Mean of empty slice
  cols.append(np.nanmean(B[:, :, CH_CONF], axis=1)[:, None])
/Users/pashaalidadi/Documents/misc/computer-vision-test/phase0/analysis/tap_pos.py:145: RuntimeWarning: Mean of empty slice
  cols.append(np.nanmean(B[:, :, CH_CONF], axis=1)[:, None])
/Users/pashaalidadi/Documents/misc/computer-vision-test/phase0/analysis/tap_pos.py:145: RuntimeWarning: Mean of empty slice
  cols.append(np.nanmean(B[:, :, CH_CONF], axis=1)[:, None])
/Users/pashaalidadi/Documents/misc/computer-vision-test/phase0/analysis/tap_pos.py:145: RuntimeWarning: Mean of empty slice
  cols.append(np.nanmean(B[:, :, CH_CONF], axis=1)[:, None])
/Users/pashaalidadi/Documents/misc/computer-vision-test/phase0/analysis/tap_pos.py:145: RuntimeWarning: Mean of empty slice
  cols.append(np.nanmean(B[:, :, CH_CONF], axis=1)[:, None])
/Users/pashaalidadi/Documents/misc/computer-vision-test/phase0/analysis/tap_pos.py:145: RuntimeWarning: Mean of empty slice
  cols.append(np.nanmean(B[:, :, CH_CONF], axis=1)[:, None])
  pose stack_rel     frac=1.0 seed=2 (149s)

[3431.5s]
