pinned inputs:
  data/sessions/20260910-202149-desk/landmarks.parquet md5 2fff8f549fc7
  models/taps_gb.joblib md5 e9eb793a870a
  models/charlm.npz md5 322885ae2304
  .cache/hirecall/streams_base+rec.json md5 c97116d42032
  .cache/hirecall/20260910-202149-desk_ftips.npy md5 77f513dd5abb
  .cache/keymax/table_base+rec_pose_pix.json md5 0df0824a5938
  20260910-015217-kbd/taps_contact.jsonl md5 b4451069611f  (key-model labels)
  20260910-021315-kbd/taps_contact.jsonl md5 00acafcac9ea  (key-model labels)
  20260910-131629-kbd/taps_contact.jsonl md5 ac6098d20ae9  (key-model labels)
/Users/pashaalidadi/Documents/misc/computer-vision-test/phase0/analysis/tap_pos.py:145: RuntimeWarning: Mean of empty slice
  cols.append(np.nanmean(B[:, :, CH_CONF], axis=1)[:, None])
/Users/pashaalidadi/Documents/misc/computer-vision-test/phase0/analysis/tap_pos.py:145: RuntimeWarning: Mean of empty slice
  cols.append(np.nanmean(B[:, :, CH_CONF], axis=1)[:, None])
/Users/pashaalidadi/Documents/misc/computer-vision-test/phase0/analysis/tap_pos.py:145: RuntimeWarning: Mean of empty slice
  cols.append(np.nanmean(B[:, :, CH_CONF], axis=1)[:, None])
  phrase 0 sid=1 taps=1443 (2.13/char) a=0.75 obs=3.0 del=-9 CER=0.632
  phrase 1 sid=3 taps=1151 (1.70/char) a=0.5 obs=3.0 del=-9 CER=0.471
  phrase 2 sid=3 taps=1151 (1.70/char) a=0.5 obs=3.0 del=-9 CER=0.333
  phrase 3 sid=3 taps=1151 (1.70/char) a=0.5 obs=3.0 del=-9 CER=0.457
  phrase 4 sid=3 taps=1151 (1.70/char) a=0.5 obs=3.0 del=-9 CER=0.471
  phrase 5 sid=3 taps=1151 (1.70/char) a=0.5 obs=3.0 del=-9 CER=0.552
  phrase 6 sid=3 taps=1151 (1.70/char) a=0.5 obs=3.0 del=-9 CER=0.667
  phrase 7 sid=3 taps=1151 (1.70/char) a=0.5 obs=3.0 del=-9 CER=0.303
  phrase 8 sid=3 taps=1151 (1.70/char) a=0.5 obs=3.0 del=-9 CER=0.588
  phrase10 sid=3 taps=1151 (1.70/char) a=0.5 obs=3.0 del=-9 CER=0.514
  phrase11 sid=3 taps=1151 (1.70/char) a=0.5 obs=3.0 del=-5 CER=0.639
  phrase 9 sid=3 taps=1151 (1.70/char) a=0.5 obs=3.0 del=-5 CER=0.152
  phrase13 sid=3 taps=1151 (1.70/char) a=0.5 obs=3.0 del=-9 CER=0.371
  phrase14 sid=3 taps=1151 (1.70/char) a=0.5 obs=3.0 del=-5 CER=0.412
  phrase12 sid=3 taps=1151 (1.70/char) a=0.5 obs=3.0 del=-9 CER=0.433
  phrase15 sid=3 taps=1151 (1.70/char) a=0.5 obs=3.0 del=-9 CER=0.222
  phrase17 sid=3 taps=1151 (1.70/char) a=0.5 obs=3.0 del=-5 CER=0.656
  phrase16 sid=3 taps=1151 (1.70/char) a=0.5 obs=3.0 del=-5 CER=0.343
  phrase18 sid=3 taps=1151 (1.70/char) a=0.5 obs=3.0 del=-9 CER=0.559
  phrase19 sid=3 taps=1151 (1.70/char) a=0.5 obs=3.0 del=-9 CER=0.467

[815.5s]

pose + pix + self-train@0.25                 CER=0.463 [0.398, 0.524]  WER=0.774
  delta vs pose + pix (0.441): +0.022 [-0.018, +0.062]

-- 8 decoded phrases --
  CER=0.632 WER=1.000
    typed:    'the meeting moved to tuesday afternoon'
    produced: 'it the letter the needed to the attention'
  CER=0.471 WER=0.857
    typed:    'i will send the report later today'
    produced: 'allow will see the felt a latter took'
  CER=0.333 WER=0.625
    typed:    'can you let me know if this works'
    produced: 'dead you let see one in this worse'
  CER=0.457 WER=0.714
    typed:    'we should talk about this in person'
    produced: 'one noon all not this in erroneo'
  CER=0.471 WER=0.857
    typed:    'the weather has been nice all week'
    produced: 'the other as he i ll'
  CER=0.552 WER=1.000
    typed:    'thanks for getting back to me'
    produced: 'than were the trotting had to one'
  CER=0.667 WER=0.857
    typed:    'i think we need a different approach'
    produced: 'i the read it terrors no'
  CER=0.303 WER=0.571
    typed:    'let me know if you have questions'
    produced: 'were now if you have stone'
