pinned inputs:
  data/sessions/20260910-202149-desk/landmarks.parquet md5 2fff8f549fc7
  models/taps_gb.joblib md5 e9eb793a870a
  models/charlm.npz md5 322885ae2304
  .cache/hirecall/streams_base+rec.json md5 c97116d42032
  .cache/hirecall/20260910-202149-desk_ftips.npy md5 77f513dd5abb
  .cache/keymax/table_base+rec_pose_pix.json md5 0df0824a5938
  20260910-015217-kbd/taps_contact.jsonl md5 b4451069611f  (key-model labels)
  20260910-021315-kbd/taps_contact.jsonl md5 00acafcac9ea  (key-model labels)
  20260910-131629-kbd/taps_contact.jsonl md5 ac6098d20ae9  (key-model labels)
/Users/pashaalidadi/Documents/misc/computer-vision-test/phase0/analysis/tap_pos.py:145: RuntimeWarning: Mean of empty slice
  cols.append(np.nanmean(B[:, :, CH_CONF], axis=1)[:, None])
/Users/pashaalidadi/Documents/misc/computer-vision-test/phase0/analysis/tap_pos.py:145: RuntimeWarning: Mean of empty slice
  cols.append(np.nanmean(B[:, :, CH_CONF], axis=1)[:, None])
/Users/pashaalidadi/Documents/misc/computer-vision-test/phase0/analysis/tap_pos.py:145: RuntimeWarning: Mean of empty slice
  cols.append(np.nanmean(B[:, :, CH_CONF], axis=1)[:, None])
  phrase 0 sid=1 taps=1443 (2.13/char) a=0.75 obs=3.0 del=-9 CER=0.816
  phrase 1 sid=3 taps=1151 (1.70/char) a=0.5 obs=3.0 del=-9 CER=0.471
  phrase 2 sid=3 taps=1151 (1.70/char) a=0.5 obs=3.0 del=-9 CER=0.424
  phrase 3 sid=3 taps=1151 (1.70/char) a=0.5 obs=3.0 del=-9 CER=0.400
  phrase 4 sid=3 taps=1151 (1.70/char) a=0.5 obs=3.0 del=-9 CER=0.441
  phrase 5 sid=3 taps=1151 (1.70/char) a=0.5 obs=3.0 del=-9 CER=0.724
  phrase 6 sid=3 taps=1151 (1.70/char) a=0.5 obs=3.0 del=-9 CER=0.611
  phrase 7 sid=3 taps=1151 (1.70/char) a=0.5 obs=3.0 del=-9 CER=0.424
  phrase 8 sid=3 taps=1151 (1.70/char) a=0.5 obs=3.0 del=-9 CER=0.647
  phrase11 sid=3 taps=1151 (1.70/char) a=0.5 obs=3.0 del=-5 CER=0.528
  phrase10 sid=3 taps=1151 (1.70/char) a=0.5 obs=3.0 del=-9 CER=0.571
  phrase 9 sid=3 taps=1151 (1.70/char) a=0.5 obs=3.0 del=-5 CER=0.333
  phrase13 sid=3 taps=1151 (1.70/char) a=0.5 obs=3.0 del=-9 CER=0.486
  phrase14 sid=3 taps=1151 (1.70/char) a=0.5 obs=3.0 del=-5 CER=0.500
  phrase12 sid=3 taps=1151 (1.70/char) a=0.5 obs=3.0 del=-9 CER=0.567
  phrase15 sid=3 taps=1151 (1.70/char) a=0.5 obs=3.0 del=-9 CER=0.444
  phrase17 sid=3 taps=1151 (1.70/char) a=0.5 obs=3.0 del=-5 CER=0.562
  phrase16 sid=3 taps=1151 (1.70/char) a=0.5 obs=3.0 del=-5 CER=0.371
  phrase18 sid=3 taps=1151 (1.70/char) a=0.5 obs=3.0 del=-9 CER=0.500
  phrase19 sid=3 taps=1151 (1.70/char) a=0.5 obs=3.0 del=-9 CER=0.567

[640.8s]

pose + pix + self-train@0.5                  CER=0.519 [0.470, 0.575]  WER=0.839
  delta vs pose + pix (0.441): +0.078 [+0.022, +0.136]

-- 8 decoded phrases --
  CER=0.816 WER=1.167
    typed:    'the meeting moved to tuesday afternoon'
    produced: 'let the letter the nineteenth these teeth in'
  CER=0.471 WER=1.000
    typed:    'i will send the report later today'
    produced: 'allow will see the felt a latter to dead'
  CER=0.424 WER=0.875
    typed:    'can you let me know if this works'
    produced: 'a de do let see one in this worse'
  CER=0.400 WER=0.571
    typed:    'we should talk about this in person'
    produced: 'we noon all not this in erroneo'
  CER=0.441 WER=0.714
    typed:    'the weather has been nice all week'
    produced: 'the there has need no low'
  CER=0.724 WER=1.000
    typed:    'thanks for getting back to me'
    produced: 'than were therein had the powwow'
  CER=0.611 WER=0.857
    typed:    'i think we need a different approach'
    produced: 'i the read it reason'
  CER=0.424 WER=0.857
    typed:    'let me know if you have questions'
    produced: 'were we know in foot estions'
