[posewide+pixWT] 70 streams x 5 alphas x 4 obs x 3 deletions
/Users/pashaalidadi/Documents/misc/computer-vision-test/phase0/analysis/tap_pos.py:145: RuntimeWarning: Mean of empty slice
  cols.append(np.nanmean(B[:, :, CH_CONF], axis=1)[:, None])
/Users/pashaalidadi/Documents/misc/computer-vision-test/phase0/analysis/tap_pos.py:145: RuntimeWarning: Mean of empty slice
  cols.append(np.nanmean(B[:, :, CH_CONF], axis=1)[:, None])
/Users/pashaalidadi/Documents/misc/computer-vision-test/phase0/analysis/tap_pos.py:145: RuntimeWarning: Mean of empty slice
  cols.append(np.nanmean(B[:, :, CH_CONF], axis=1)[:, None])
/Users/pashaalidadi/Documents/misc/computer-vision-test/phase0/analysis/tap_pos.py:145: RuntimeWarning: Mean of empty slice
  cols.append(np.nanmean(B[:, :, CH_CONF], axis=1)[:, None])
/Users/pashaalidadi/Documents/misc/computer-vision-test/phase0/analysis/tap_pos.py:145: RuntimeWarning: Mean of empty slice
  cols.append(np.nanmean(B[:, :, CH_CONF], axis=1)[:, None])
/Users/pashaalidadi/Documents/misc/computer-vision-test/phase0/analysis/tap_pos.py:145: RuntimeWarning: Mean of empty slice
  cols.append(np.nanmean(B[:, :, CH_CONF], axis=1)[:, None])
/Users/pashaalidadi/Documents/misc/computer-vision-test/phase0/analysis/tap_pos.py:145: RuntimeWarning: Mean of empty slice
  cols.append(np.nanmean(B[:, :, CH_CONF], axis=1)[:, None])
/Users/pashaalidadi/Documents/misc/computer-vision-test/phase0/analysis/tap_pos.py:145: RuntimeWarning: Mean of empty slice
  cols.append(np.nanmean(B[:, :, CH_CONF], axis=1)[:, None])
/Users/pashaalidadi/Documents/misc/computer-vision-test/phase0/analysis/tap_pos.py:145: RuntimeWarning: Mean of empty slice
  cols.append(np.nanmean(B[:, :, CH_CONF], axis=1)[:, None])
/Users/pashaalidadi/Documents/misc/computer-vision-test/phase0/analysis/tap_pos.py:145: RuntimeWarning: Mean of empty slice
  cols.append(np.nanmean(B[:, :, CH_CONF], axis=1)[:, None])
/Users/pashaalidadi/Documents/misc/computer-vision-test/phase0/analysis/tap_pos.py:145: RuntimeWarning: Mean of empty slice
  cols.append(np.nanmean(B[:, :, CH_CONF], axis=1)[:, None])
/Users/pashaalidadi/Documents/misc/computer-vision-test/phase0/analysis/tap_pos.py:145: RuntimeWarning: Mean of empty slice
  cols.append(np.nanmean(B[:, :, CH_CONF], axis=1)[:, None])
  5/70 streams, best 0.430 (840s)
  10/70 streams, best 0.430 (1027s)
  15/70 streams, best 0.428 (1276s)
  20/70 streams, best 0.417 (1530s)
  25/70 streams, best 0.417 (1710s)
  30/70 streams, best 0.417 (1937s)
  35/70 streams, best 0.417 (2196s)
  40/70 streams, best 0.417 (2351s)
  45/70 streams, best 0.417 (2554s)
  50/70 streams, best 0.417 (2741s)
  55/70 streams, best 0.417 (2939s)
  60/70 streams, best 0.417 (3109s)
  65/70 streams, best 0.417 (3247s)
  70/70 streams, best 0.417 (3439s)

[3440.7s]
-> .cache/keymax/table_base+rec_posewide_pixWT.json
